[0m06:58:14.084898 [debug] [MainThread]: Sending event: {'category': 'dbt', 'action': 'invocation', 'label': 'start', 'context': [<snowplow_tracker.self_describing_json.SelfDescribingJson object at 0x00000165B39FFFD0>, <snowplow_tracker.self_describing_json.SelfDescribingJson object at 0x00000165B297C650>, <snowplow_tracker.self_describing_json.SelfDescribingJson object at 0x00000165B39FECD0>]}


============================== 06:58:14.086899 | 1d79cd17-ce3b-4fb3-87a3-674f2ea535aa ==============================
[0m06:58:14.086899 [info ] [MainThread]: Running with dbt=1.11.11
[0m06:58:14.086899 [debug] [MainThread]: running dbt with arguments {'version_check': 'True', 'no_print': 'None', 'static_parser': 'True', 'target_path': 'None', 'warn_error_options': 'WarnErrorOptionsV2(error=[], warn=[], silence=[])', 'printer_width': '80', 'write_json': 'True', 'introspect': 'True', 'log_cache_events': 'False', 'empty': 'None', 'cache_selected_only': 'False', 'log_format': 'default', 'debug': 'False', 'fail_fast': 'False', 'profiles_dir': 'C:\\Users\\Anwender\\.dbt', 'send_anonymous_usage_stats': 'True', 'quiet': 'False', 'warn_error': 'None', 'partial_parse': 'True', 'use_colors': 'True', 'indirect_selection': 'eager', 'invocation_command': 'dbt init sayfit_food_data', 'use_experimental_parser': 'False', 'log_path': 'logs'}
[0m06:58:14.099898 [info ] [MainThread]: Creating dbt configuration folder at C:\Users\Anwender\.dbt
[0m06:58:14.101900 [debug] [MainThread]: Starter project path: C:\Users\Anwender\.pyenv\pyenv-win\versions\3.11.3\Lib\site-packages\dbt\include\starter_project
[0m06:58:14.134898 [info ] [MainThread]: 
Your new dbt project "sayfit_food_data" was created!

For more information on how to configure the profiles.yml file,
please consult the dbt documentation here:

  https://docs.getdbt.com/docs/configure-your-profile

One more thing:

Need help? Don't hesitate to reach out to us via GitHub issues or on Slack:

  https://community.getdbt.com/

Happy modeling!

[0m06:58:14.135901 [info ] [MainThread]: Setting up your profile.
[0m06:58:40.196222 [info ] [MainThread]: Profile sayfit_food_data written to C:\Users\Anwender\.dbt\profiles.yml using target's sample configuration. Once updated, you'll be able to start developing with dbt.
[0m06:58:40.197233 [debug] [MainThread]: Command `dbt init` succeeded at 06:58:40.197233 after 26.17 seconds
[0m06:58:40.197233 [debug] [MainThread]: Sending event: {'category': 'dbt', 'action': 'invocation', 'label': 'end', 'context': [<snowplow_tracker.self_describing_json.SelfDescribingJson object at 0x00000165B27B83D0>, <snowplow_tracker.self_describing_json.SelfDescribingJson object at 0x00000165AAE46010>, <snowplow_tracker.self_describing_json.SelfDescribingJson object at 0x00000165AAB34050>]}
[0m06:58:40.198221 [debug] [MainThread]: Flushing usage events
[0m06:58:40.683847 [debug] [MainThread]: An error was encountered while trying to flush usage events
